---
source: tests/e2e/pty_utils.rs
expression: content
---
                                    [Esc] Close  │       ││       │──────────────────────────────────────────────────────────────│       ││       │╭──────────────────────╮│                                     │       ││       ││1 Connected2 Bootable ││  CONFIGURATION                      │       ││       │╰──────────────────────╯│                                     │       ││       │ Discovering devices... │
