---
source: tests/e2e/tui_interaction.rs
assertion_line: 969
expression: content
---
  │  simple_app───────────────────────────[r][R][x][d][q]────┐││└──────────────────────────────────────────────────────────────────────────────┘┌ Logs ────────────────────────────────────────────────────────────────────────┐│││Not Connected││││Press + to start a new session│││││││││││││││││││││││││││└──────────────────────────────────────────────────────────────────────────────┘────────────────────────────────────────────────────────────────────────────────○ Not Connected │ ⬇ Auto0/0[?25l[?25l[?25l[?25l[?25l[?25l[?25l[5
