---
source: tests/e2e/pty_utils.rs
expression: content
---
 ││  CONFIGURATION                      │       ││       │╰──────────────────────╯│                                     │       ││       │ Discovering devices... │  MODE                               │       ││       │                        │                                     │       ││       │                        │  FLAVOR                             │       ││       │                        │                                     │       ││       │                        │  ENTRY POINT                        │       ││       │                        │                                     │       ││       │[Enter] Select  [r] Refr│  DART DEFINES                       │       ││       │──────────────────────
