---
source: tests/e2e/pty_utils.rs
expression: content
---
             true             Ask before quitting with running..│                                                                              ││ [Watcher]                                                                    ││   Watch Paths              lib              Directories to watch for changes ││   Debounce (ms)            500              Delay before triggering reload   ││   Auto Reload              true             Hot reload on file changes       ││   Extensions               dart             File extensions to watch         ││                                                                              ││ [UI]                                                                         ││   Log Buffer Size          10000            Maximum log entries to keep      ││   Show Timestamps          true
