---
source: tests/e2e/pty_utils.rs
assertion_line: 608
expression: content
---
  │  simple_app───────────────────────────[r][R][x][d][q]────┐││└──────────────────────────────────────────────────────────────────────────────┘┌ Logs ────────────────────────────────────────────────────────────────────────┐│││Not Connected││││Press + to start a new session│││││││││││││││││││││││││││└──────────────────────────────────────────────────────────────────────────────┘────────────────────────────────────────────────────────────────────────────────○ Not Connected │ ⬇ Auto0/0[?25l[?25l[?25l[?25l[?25l[?25l[?25l[?25l[?1049l[?25h
