---
source: crates/fdemon-tui/src/render/tests.rs
expression: content
---
╭──────────────────────────────────────────────────────────────────────────────╮
│  Flutter Demon vX.Y.Z / flutter_app                                         │
╰──────────────────────────────────────────────────────────────────────────────╯
╭──────────────────────────────────────────────────────────────────────────────╮
│                                                                              │
│                                 Not Connected                                │
│                                                                              │
│                        Press + to start a new session                        │
│                                                                              │
│                                                                              │
│                                                                              │
│                                                                              │
│                                                                              │
│                                                                              │
│                                                                              │
│                                                                              │
│                                                                              │
│                                                                              │
│                                                                              │
│                                                                              │
│                                                                              │
│                                                                              │
│                                                                              │
╰──────────────────────────────────────────────────────────────────────────────╯
