---
source: src/tui/render/tests.rs
expression: content
---
 Flutter Demon  │  my_extremely_long_flutter_application[r] [R] [x] [d] [q]and_o
│                                                                              │
└──────────────────────────────────────────────────────────────────────────────┘
┌ Logs ────────────────────────────────────────────────────────────────────────┐
│                                                                              │
│                                 Not Connected                                │
│                                                                              │
│                        Press + to start a new session                        │
│                                                                              │
│                                                                              │
│                                                                              │
│                                                                              │
│                                                                              │
│                                                                              │
│                                                                              │
│                                                                              │
│                                                                              │
│                                                                              │
│                                                                              │
│                                                                              │
│                                                                              │
└──────────────────────────────────────────────────────────────────────────────┘
────────────────────────────────────────────────────────────────────────────────
 ○ Not Connected │ ⬇ Auto 0/0
