---
source: src/tui/render/tests.rs
assertion_line: 178
expression: content
---
 Flutter Demon  │  flutter_app──────────────────────────[r] [R] [x] [d] [q]────┐
│                                                                              │
└──────────────────────────────────────────────────────────────────────────────┘
┌ Logs ────────────────────────────────────────────────────────────────────────┐
│                                                                              │
│                                 Not Connected                                │
│                                                                              │
│                        Press + to start a new session                        │
│               ┌──────────────────────────────────────────────┐               │
│               │                  flutter_app                 │               │
│               │                                              │               │
│               │ ⠋ [LOADING_MESSAGE]...│               │
│               │                                              │               │
│               │                                              │               │
│               └──────────────────────────────────────────────┘               │
│                                                                              │
│                                                                              │
│                                                                              │
│                                                                              │
│                                                                              │
│                                                                              │
└──────────────────────────────────────────────────────────────────────────────┘
────────────────────────────────────────────────────────────────────────────────
 ○ Not Connected │ ⬇ Auto 0/0
