---
source: src/tui/render/tests.rs
expression: content
---
 Flutter Demon  │  flutter_app──────────────────────────[r] [R] [x] [d] [q]────┐
│                                                                              │
└──────────────────────────────────────────────────────────────────────────────┘
┌ Logs ────────────────────────────────────────────────────────────────────────┐
│                                                                              │
│                            Waiting for Flutter...                            │
│                                                                              │
│              ╭───────────── Quit Flutter Demon? ──────────────╮              │
│              │                                                │              │
│              │           You have 1 running session.          │              │
│              │    All Flutter processes will be terminated.   │              │
│              │                                                │              │
│              │                 [y] Yes  [n] No                │              │
│              │                                                │              │
│              │                                                │              │
│              ╰────────────────────────────────────────────────╯              │
│                                                                              │
│                                                                              │
│                                                                              │
│                                                                              │
│                                                                              │
└──────────────────────────────────────────────────────────────────────────────┘
────────────────────────────────────────────────────────────────────────────────
 ○ Starting │ ⬇ Auto 0/0
