---
source: src/tui/render/tests.rs
expression: content
---
 Flutter Demon  │  flutter_app──────────────────────────[r] [R] [x] [d] [q]────┐
│                                                                              │
└──────────────────────────────────────────────────────────────────────────────┘
┌ Logs ────────────────────────────────────────────────────────────────────────┐
│               ╭──────────── Select Target Device ────────────╮               │
│               │▶ + Launch Android Emulator...                │               │
│               │  + Launch iOS Simulator...                   │               │
│               │                                              │               │
│               │                                              │               │
│               │                                              │               │
│               │                                              │               │
│               │                                              │               │
│               │                                              │               │
│               │                                              │               │
│               │                                              │               │
│               │                                              │               │
│               │                                              │               │
│               │     ↑↓ Navigate  Enter Select  r Refresh     │               │
│               │                                              │               │
│               ╰──────────────────────────────────────────────╯               │
│                                                                              │
└──────────────────────────────────────────────────────────────────────────────┘
────────────────────────────────────────────────────────────────────────────────
 ○ Starting │ ⬇ Auto 0/0
