---
source: src/tui/render/tests.rs
expression: content
---
 Flutter Demon  │  flutter_app──────────────────────────[r] [R] [x] [d] [q]────┐
│                                                                              │
└──────────────────────────────────────────────────────────────────────────────┘
┌ Logs ────────────────────────────────────────────────────────────────────────┐
│                                                                              │
│                            Waiting for Flutter...                            │
│                                                                              │
│                Make sure you're in a Flutter project directory               │
│                                                                              │
│                                                                              │
│                                                                              │
│                                                                              │
│                                                                              │
│                                                                              │
│                                                                              │
│                                                                              │
│                                                                              │
│                                                                              │
│                                                                              │
│                                                                              │
│                                                                              │
└──────────────────────────────────────────────────────────────────────────────┘
────────────────────────────────────────────────────────────────────────────────
 ○ Starting │ ⬇ Auto 0/0
